Archive member included to satisfy reference by file (symbol)

d:/programs/avr/toolchain362/bin/../lib/gcc/avr/5.4.0/avr5\libgcc.a(_udivmodhi4.o)
                              ./timeconv.o (__udivmodhi4)
d:/programs/avr/toolchain362/bin/../lib/gcc/avr/5.4.0/avr5\libgcc.a(_udivmodsi4.o)
                              ./timeconv.o (__udivmodsi4)
d:/programs/avr/toolchain362/bin/../lib/gcc/avr/5.4.0/avr5\libgcc.a(_exit.o)
                              d:/programs/avr/toolchain362/bin/../lib/gcc/avr/5.4.0/../../../../avr/lib/avr5/crtatmega32.o (exit)
d:/programs/avr/toolchain362/bin/../lib/gcc/avr/5.4.0/avr5\libgcc.a(_copy_data.o)
                              ./ip_arp_udp_tcp.o (__do_copy_data)
d:/programs/avr/toolchain362/bin/../lib/gcc/avr/5.4.0/avr5\libgcc.a(_clear_bss.o)
                              ./enc28j60.o (__do_clear_bss)
d:/programs/avr/toolchain362/bin/../lib/gcc/avr/5.4.0/avr5\libgcc.a(_bswapsi2.o)
                              ./ip_arp_udp_tcp.o (__bswapsi2)
d:/programs/avr/toolchain362/bin/../lib/gcc/avr/5.4.0/avr5\libgcc.a(_usmulhisi3.o)
                              ./main.o (__usmulhisi3)
d:/programs/avr/toolchain362/bin/../lib/gcc/avr/5.4.0/avr5\libgcc.a(_umulhisi3.o)
                              d:/programs/avr/toolchain362/bin/../lib/gcc/avr/5.4.0/avr5\libgcc.a(_usmulhisi3.o) (__umulhisi3)
d:/programs/avr/toolchain362/bin/../lib/gcc/avr/5.4.0/../../../../avr/lib/avr5\libm.a(floatsisf.o)
                              ./main.o (__floatsisf)
d:/programs/avr/toolchain362/bin/../lib/gcc/avr/5.4.0/../../../../avr/lib/avr5\libm.a(mulsf3.o)
                              ./main.o (__mulsf3)
d:/programs/avr/toolchain362/bin/../lib/gcc/avr/5.4.0/../../../../avr/lib/avr5\libm.a(mulsf3x.o)
                              d:/programs/avr/toolchain362/bin/../lib/gcc/avr/5.4.0/../../../../avr/lib/avr5\libm.a(mulsf3.o) (__mulsf3x)
d:/programs/avr/toolchain362/bin/../lib/gcc/avr/5.4.0/../../../../avr/lib/avr5\libm.a(fp_inf.o)
                              d:/programs/avr/toolchain362/bin/../lib/gcc/avr/5.4.0/../../../../avr/lib/avr5\libm.a(mulsf3x.o) (__fp_inf)
d:/programs/avr/toolchain362/bin/../lib/gcc/avr/5.4.0/../../../../avr/lib/avr5\libm.a(fp_nan.o)
                              d:/programs/avr/toolchain362/bin/../lib/gcc/avr/5.4.0/../../../../avr/lib/avr5\libm.a(mulsf3x.o) (__fp_nan)
d:/programs/avr/toolchain362/bin/../lib/gcc/avr/5.4.0/../../../../avr/lib/avr5\libm.a(fp_pscA.o)
                              d:/programs/avr/toolchain362/bin/../lib/gcc/avr/5.4.0/../../../../avr/lib/avr5\libm.a(mulsf3x.o) (__fp_pscA)
d:/programs/avr/toolchain362/bin/../lib/gcc/avr/5.4.0/../../../../avr/lib/avr5\libm.a(fp_pscB.o)
                              d:/programs/avr/toolchain362/bin/../lib/gcc/avr/5.4.0/../../../../avr/lib/avr5\libm.a(mulsf3x.o) (__fp_pscB)
d:/programs/avr/toolchain362/bin/../lib/gcc/avr/5.4.0/../../../../avr/lib/avr5\libm.a(fp_round.o)
                              d:/programs/avr/toolchain362/bin/../lib/gcc/avr/5.4.0/../../../../avr/lib/avr5\libm.a(mulsf3.o) (__fp_round)
d:/programs/avr/toolchain362/bin/../lib/gcc/avr/5.4.0/../../../../avr/lib/avr5\libm.a(fp_split3.o)
                              d:/programs/avr/toolchain362/bin/../lib/gcc/avr/5.4.0/../../../../avr/lib/avr5\libm.a(mulsf3x.o) (__fp_split3)
d:/programs/avr/toolchain362/bin/../lib/gcc/avr/5.4.0/../../../../avr/lib/avr5\libm.a(fp_zero.o)
                              d:/programs/avr/toolchain362/bin/../lib/gcc/avr/5.4.0/../../../../avr/lib/avr5\libm.a(mulsf3x.o) (__fp_szero)
d:/programs/avr/toolchain362/bin/../lib/gcc/avr/5.4.0/../../../../avr/lib/avr5\libc.a(dtostrf.o)
                              ./main.o (dtostrf)
d:/programs/avr/toolchain362/bin/../lib/gcc/avr/5.4.0/../../../../avr/lib/avr5\libc.a(atoi.o)
                              ./main.o (atoi)
d:/programs/avr/toolchain362/bin/../lib/gcc/avr/5.4.0/../../../../avr/lib/avr5\libc.a(strtok.o)
                              ./main.o (strtok)
d:/programs/avr/toolchain362/bin/../lib/gcc/avr/5.4.0/../../../../avr/lib/avr5\libc.a(strcmp.o)
                              ./main.o (strcmp)
d:/programs/avr/toolchain362/bin/../lib/gcc/avr/5.4.0/../../../../avr/lib/avr5\libc.a(strcpy.o)
                              ./main.o (strcpy)
d:/programs/avr/toolchain362/bin/../lib/gcc/avr/5.4.0/../../../../avr/lib/avr5\libc.a(strncmp.o)
                              ./main.o (strncmp)
d:/programs/avr/toolchain362/bin/../lib/gcc/avr/5.4.0/../../../../avr/lib/avr5\libc.a(strstr.o)
                              ./main.o (strstr)
d:/programs/avr/toolchain362/bin/../lib/gcc/avr/5.4.0/../../../../avr/lib/avr5\libc.a(strtok_r.o)
                              d:/programs/avr/toolchain362/bin/../lib/gcc/avr/5.4.0/../../../../avr/lib/avr5\libc.a(strtok.o) (strtok_r)
d:/programs/avr/toolchain362/bin/../lib/gcc/avr/5.4.0/../../../../avr/lib/avr5\libc.a(mul10.o)
                              d:/programs/avr/toolchain362/bin/../lib/gcc/avr/5.4.0/../../../../avr/lib/avr5\libc.a(atoi.o) (__mulhi_const_10)
d:/programs/avr/toolchain362/bin/../lib/gcc/avr/5.4.0/../../../../avr/lib/avr5\libc.a(sprintf_p.o)
                              ./main.o (sprintf_P)
d:/programs/avr/toolchain362/bin/../lib/gcc/avr/5.4.0/../../../../avr/lib/avr5\libc.a(vsprintf.o)
                              ./uart.o (vsprintf)
d:/programs/avr/toolchain362/bin/../lib/gcc/avr/5.4.0/../../../../avr/lib/avr5\libc.a(vfprintf_std.o)
                              d:/programs/avr/toolchain362/bin/../lib/gcc/avr/5.4.0/../../../../avr/lib/avr5\libc.a(sprintf_p.o) (vfprintf)
d:/programs/avr/toolchain362/bin/../lib/gcc/avr/5.4.0/../../../../avr/lib/avr5\libc.a(dtoa_prf.o)
                              d:/programs/avr/toolchain362/bin/../lib/gcc/avr/5.4.0/../../../../avr/lib/avr5\libc.a(dtostrf.o) (dtoa_prf)
d:/programs/avr/toolchain362/bin/../lib/gcc/avr/5.4.0/../../../../avr/lib/avr5\libc.a(ftoa_engine.o)
                              d:/programs/avr/toolchain362/bin/../lib/gcc/avr/5.4.0/../../../../avr/lib/avr5\libc.a(dtoa_prf.o) (__ftoa_engine)
d:/programs/avr/toolchain362/bin/../lib/gcc/avr/5.4.0/../../../../avr/lib/avr5\libc.a(strnlen_P.o)
                              d:/programs/avr/toolchain362/bin/../lib/gcc/avr/5.4.0/../../../../avr/lib/avr5\libc.a(vfprintf_std.o) (strnlen_P)
d:/programs/avr/toolchain362/bin/../lib/gcc/avr/5.4.0/../../../../avr/lib/avr5\libc.a(strnlen.o)
                              d:/programs/avr/toolchain362/bin/../lib/gcc/avr/5.4.0/../../../../avr/lib/avr5\libc.a(vfprintf_std.o) (strnlen)
d:/programs/avr/toolchain362/bin/../lib/gcc/avr/5.4.0/../../../../avr/lib/avr5\libc.a(fputc.o)
                              d:/programs/avr/toolchain362/bin/../lib/gcc/avr/5.4.0/../../../../avr/lib/avr5\libc.a(vfprintf_std.o) (fputc)
d:/programs/avr/toolchain362/bin/../lib/gcc/avr/5.4.0/../../../../avr/lib/avr5\libc.a(ultoa_invert.o)
                              d:/programs/avr/toolchain362/bin/../lib/gcc/avr/5.4.0/../../../../avr/lib/avr5\libc.a(vfprintf_std.o) (__ultoa_invert)
d:/programs/avr/toolchain362/bin/../lib/gcc/avr/5.4.0/avr5\libgcc.a(_prologue.o)
                              d:/programs/avr/toolchain362/bin/../lib/gcc/avr/5.4.0/../../../../avr/lib/avr5\libc.a(sprintf_p.o) (__prologue_saves__)
d:/programs/avr/toolchain362/bin/../lib/gcc/avr/5.4.0/avr5\libgcc.a(_epilogue.o)
                              d:/programs/avr/toolchain362/bin/../lib/gcc/avr/5.4.0/../../../../avr/lib/avr5\libc.a(sprintf_p.o) (__epilogue_restores__)

Allocating common symbols
Common symbol       size              file

p_command           0x2               ./main.o
uartbuf             0x6               ./uart.o
hour                0x1               ./timer.o
min                 0x1               ./timer.o
sec                 0x1               ./timer.o
gwmacaddr           0x6               ./ip_arp_udp_tcp.o

Memory Configuration

Name             Origin             Length             Attributes
text             0x00000000         0x00020000         xr
data             0x00800060         0x0000ffa0         rw !x
eeprom           0x00810000         0x00010000         rw !x
fuse             0x00820000         0x00000002         rw !x
lock             0x00830000         0x00000400         rw !x
signature        0x00840000         0x00000400         rw !x
user_signatures  0x00850000         0x00000400         rw !x
*default*        0x00000000         0xffffffff

Linker script and memory map

LOAD d:/programs/avr/toolchain362/bin/../lib/gcc/avr/5.4.0/../../../../avr/lib/avr5/crtatmega32.o
LOAD ./dnslkup.o
LOAD ./enc28j60.o
LOAD ./ip_arp_udp_tcp.o
LOAD ./lcd.o
LOAD ./main.o
LOAD ./onewire.o
LOAD ./pwm.o
LOAD ./timeconv.o
LOAD ./timer.o
LOAD ./uart.o
LOAD ./webpages.o
START GROUP
LOAD d:/programs/avr/toolchain362/bin/../lib/gcc/avr/5.4.0/avr5\libgcc.a
LOAD d:/programs/avr/toolchain362/bin/../lib/gcc/avr/5.4.0/../../../../avr/lib/avr5\libm.a
LOAD d:/programs/avr/toolchain362/bin/../lib/gcc/avr/5.4.0/../../../../avr/lib/avr5\libc.a
LOAD d:/programs/avr/toolchain362/bin/../lib/gcc/avr/5.4.0/../../../../avr/lib/avr5\libatmega32.a
END GROUP
                0x00020000                __TEXT_REGION_LENGTH__ = DEFINED (__TEXT_REGION_LENGTH__)?__TEXT_REGION_LENGTH__:0x20000
                0x0000ffa0                __DATA_REGION_LENGTH__ = DEFINED (__DATA_REGION_LENGTH__)?__DATA_REGION_LENGTH__:0xffa0
                0x00010000                __EEPROM_REGION_LENGTH__ = DEFINED (__EEPROM_REGION_LENGTH__)?__EEPROM_REGION_LENGTH__:0x10000
                [0x00000002]                __FUSE_REGION_LENGTH__ = DEFINED (__FUSE_REGION_LENGTH__)?__FUSE_REGION_LENGTH__:0x400
                0x00000400                __LOCK_REGION_LENGTH__ = DEFINED (__LOCK_REGION_LENGTH__)?__LOCK_REGION_LENGTH__:0x400
                0x00000400                __SIGNATURE_REGION_LENGTH__ = DEFINED (__SIGNATURE_REGION_LENGTH__)?__SIGNATURE_REGION_LENGTH__:0x400
                0x00000400                __USER_SIGNATURE_REGION_LENGTH__ = DEFINED (__USER_SIGNATURE_REGION_LENGTH__)?__USER_SIGNATURE_REGION_LENGTH__:0x400

.hash
 *(.hash)

.dynsym
 *(.dynsym)

.dynstr
 *(.dynstr)

.gnu.version
 *(.gnu.version)

.gnu.version_d
 *(.gnu.version_d)

.gnu.version_r
 *(.gnu.version_r)

.rel.init
 *(.rel.init)

.rela.init
 *(.rela.init)

.rel.text
 *(.rel.text)
 *(.rel.text.*)
 *(.rel.gnu.linkonce.t*)

.rela.text
 *(.rela.text)
 *(.rela.text.*)
 *(.rela.gnu.linkonce.t*)

.rel.fini
 *(.rel.fini)

.rela.fini
 *(.rela.fini)

.rel.rodata
 *(.rel.rodata)
 *(.rel.rodata.*)
 *(.rel.gnu.linkonce.r*)

.rela.rodata
 *(.rela.rodata)
 *(.rela.rodata.*)
 *(.rela.gnu.linkonce.r*)

.rel.data
 *(.rel.data)
 *(.rel.data.*)
 *(.rel.gnu.linkonce.d*)

.rela.data
 *(.rela.data)
 *(.rela.data.*)
 *(.rela.gnu.linkonce.d*)

.rel.ctors
 *(.rel.ctors)

.rela.ctors
 *(.rela.ctors)

.rel.dtors
 *(.rel.dtors)

.rela.dtors
 *(.rela.dtors)

.rel.got
 *(.rel.got)

.rela.got
 *(.rela.got)

.rel.bss
 *(.rel.bss)

.rela.bss
 *(.rela.bss)

.rel.plt
 *(.rel.plt)

.rela.plt
 *(.rela.plt)

.text           0x00000000     0x4932
 *(.vectors)
 .vectors       0x00000000       0x54 d:/programs/avr/toolchain362/bin/../lib/gcc/avr/5.4.0/../../../../avr/lib/avr5/crtatmega32.o
                0x00000000                __vector_default
                0x00000000                __vectors
 *(.vectors)
 *(.progmem.gcc*)
                0x00000054                . = ALIGN (0x2)
                0x00000054                __trampolines_start = .
 *(.trampolines)
 .trampolines   0x00000054        0x0 linker stubs
 *(.trampolines*)
                0x00000054                __trampolines_end = .
 *libprintf_flt.a:*(.progmem.data)
 *libc.a:*(.progmem.data)
 .progmem.data  0x00000054       0xfa d:/programs/avr/toolchain362/bin/../lib/gcc/avr/5.4.0/../../../../avr/lib/avr5\libc.a(ftoa_engine.o)
 *(.progmem*)
 .progmem.data.ntpreqhdr
                0x0000014e        0xa ./ip_arp_udp_tcp.o
                0x0000014e                ntpreqhdr
 .progmem.data.ipntpreqhdr
                0x00000158        0xa ./ip_arp_udp_tcp.o
                0x00000158                ipntpreqhdr
 .progmem.data.arpreqhdr
                0x00000162        0x8 ./ip_arp_udp_tcp.o
                0x00000162                arpreqhdr
 .progmem.data.__c.2766
                0x0000016a       0x37 ./main.o
 .progmem.data.__c.2763
                0x000001a1       0x30 ./main.o
 .progmem.data.__c.2757
                0x000001d1       0x15 ./main.o
 .progmem.data.__c.2755
                0x000001e6       0x15 ./main.o
 .progmem.data.__c.2739
                0x000001fb        0xe ./main.o
 .progmem.data.__c.2720
                0x00000209       0x1e ./main.o
 .progmem.data.__c.2718
                0x00000227        0x9 ./main.o
 .progmem.data.__c.2716
                0x00000230       0x3d ./main.o
 .progmem.data.__c.2714
                0x0000026d       0x3d ./main.o
 .progmem.data.__c.2712
                0x000002aa       0x58 ./main.o
 .progmem.data.__c.2710
                0x00000302       0x3d ./main.o
 .progmem.data.__c.2708
                0x0000033f       0x3d ./main.o
 .progmem.data.__c.2706
                0x0000037c       0x58 ./main.o
 .progmem.data.__c.2704
                0x000003d4       0x58 ./main.o
 .progmem.data.__c.2702
                0x0000042c       0x58 ./main.o
 .progmem.data.__c.2699
                0x00000484       0x58 ./main.o
 .progmem.data.__c.2697
                0x000004dc       0x58 ./main.o
 .progmem.data.__c.2694
                0x00000534       0x3d ./main.o
 .progmem.data.__c.2692
                0x00000571       0x58 ./main.o
 .progmem.data.__c.2689
                0x000005c9       0x58 ./main.o
 .progmem.data.__c.2687
                0x00000621       0x3d ./main.o
 .progmem.data.__c.2683
                0x0000065e       0x3d ./main.o
 .progmem.data.__c.2681
                0x0000069b       0x3d ./main.o
 .progmem.data.__c.2678
                0x000006d8       0x10 ./main.o
 .progmem.data.__c.2676
                0x000006e8       0x31 ./main.o
 .progmem.data.__c.2674
                0x00000719        0xb ./main.o
 .progmem.data.__c.2672
                0x00000724       0x24 ./main.o
 .progmem.data.__c.2670
                0x00000748        0xf ./main.o
 .progmem.data.__c.2668
                0x00000757        0x5 ./main.o
 .progmem.data.__c.2666
                0x0000075c       0x2f ./main.o
 .progmem.data.__c.2664
                0x0000078b       0x2b ./main.o
 .progmem.data.__c.2662
                0x000007b6       0x2b ./main.o
 .progmem.data.__c.2660
                0x000007e1       0x24 ./main.o
 .progmem.data.__c.2658
                0x00000805       0x51 ./main.o
 .progmem.data.__c.2656
                0x00000856       0x5c ./main.o
 .progmem.data.__c.2648
                0x000008b2       0x58 ./main.o
 .progmem.data.__c.2643
                0x0000090a       0x3f ./main.o
 .progmem.data.__c.2638
                0x00000949       0x21 ./main.o
 .progmem.data.__c.2636
                0x0000096a       0x20 ./main.o
 .progmem.data.__c.2634
                0x0000098a       0x31 ./main.o
 .progmem.data.__c.2632
                0x000009bb       0x2b ./main.o
 .progmem.data.__c.2305
                0x000009e6        0xf ./timeconv.o
 .progmem.data.__c.2303
                0x000009f5       0x10 ./timeconv.o
 .progmem.data.day_abbrev
                0x00000a05       0x16 ./timeconv.o
 .progmem.data.__c.1975
                0x00000a1b       0x18 ./webpages.o
 .progmem.data.__c.1973
                0x00000a33       0x1d ./webpages.o
 .progmem.data.__c.1971
                0x00000a50       0x35 ./webpages.o
 .progmem.data.__c.1969
                0x00000a85       0x39 ./webpages.o
 .progmem.data.__c.1967
                0x00000abe       0x3a ./webpages.o
 .progmem.data.__c.1965
                0x00000af8       0x3a ./webpages.o
 .progmem.data.__c.1963
                0x00000b32       0x3a ./webpages.o
 .progmem.data.__c.1961
                0x00000b6c       0x16 ./webpages.o
 .progmem.data.__c.1959
                0x00000b82       0x38 ./webpages.o
 .progmem.data.__c.1957
                0x00000bba       0x39 ./webpages.o
 .progmem.data.__c.1955
                0x00000bf3       0x3b ./webpages.o
 .progmem.data.__c.1953
                0x00000c2e       0x3b ./webpages.o
 .progmem.data.__c.1951
                0x00000c69       0x1a ./webpages.o
 .progmem.data.__c.1949
                0x00000c83       0x3a ./webpages.o
 .progmem.data.__c.1947
                0x00000cbd       0x3d ./webpages.o
 .progmem.data.__c.1945
                0x00000cfa       0x3d ./webpages.o
 .progmem.data.__c.1943
                0x00000d37       0x3d ./webpages.o
 .progmem.data.__c.1941
                0x00000d74       0x17 ./webpages.o
 .progmem.data.__c.1939
                0x00000d8b       0x44 ./webpages.o
 .progmem.data.__c.1937
                0x00000dcf       0x39 ./webpages.o
 .progmem.data.__c.1935
                0x00000e08       0x3b ./webpages.o
 .progmem.data.__c.1933
                0x00000e43       0x3b ./webpages.o
 .progmem.data.__c.1931
                0x00000e7e       0x26 ./webpages.o
 .progmem.data.__c.1929
                0x00000ea4       0x23 ./webpages.o
 .progmem.data.__c.1927
                0x00000ec7       0x1a ./webpages.o
 .progmem.data.__c.1925
                0x00000ee1       0x38 ./webpages.o
 .progmem.data.__c.1923
                0x00000f19        0xf ./webpages.o
 .progmem.data.__c.1921
                0x00000f28       0x4e ./webpages.o
 .progmem.data.__c.1914
                0x00000f76       0x18 ./webpages.o
 .progmem.data.__c.1912
                0x00000f8e       0x65 ./webpages.o
 .progmem.data.__c.1910
                0x00000ff3       0x38 ./webpages.o
 .progmem.data.__c.1908
                0x0000102b        0xf ./webpages.o
 .progmem.data.__c.1906
                0x0000103a       0x4e ./webpages.o
 .progmem.data.__c.1899
                0x00001088       0x1f ./webpages.o
 .progmem.data.__c.1897
                0x000010a7       0x90 ./webpages.o
 .progmem.data.__c.1895
                0x00001137       0x3c ./webpages.o
 .progmem.data.__c.1893
                0x00001173       0x2f ./webpages.o
 .progmem.data.__c.1891
                0x000011a2       0x4e ./webpages.o
 .progmem.data.__c.1884
                0x000011f0       0x31 ./webpages.o
 .progmem.data.__c.1882
                0x00001221       0x31 ./webpages.o
 .progmem.data.__c.1880
                0x00001252       0x32 ./webpages.o
 .progmem.data.__c.1878
                0x00001284       0x2f ./webpages.o
 .progmem.data.__c.1876
                0x000012b3       0x45 ./webpages.o
 .progmem.data.__c.1874
                0x000012f8       0xd9 ./webpages.o
 .progmem.data.__c.1872
                0x000013d1       0xcd ./webpages.o
 .progmem.data.__c.1870
                0x0000149e       0x52 ./webpages.o
 .progmem.data.__c.1868
                0x000014f0       0xa4 ./webpages.o
 .progmem.data.__c.1866
                0x00001594       0x42 ./webpages.o
 .progmem.data.__c.1864
                0x000015d6       0x4a ./webpages.o
 .progmem.data.__c.1862
                0x00001620       0x47 ./webpages.o
 .progmem.data.__c.1860
                0x00001667       0x1a ./webpages.o
 .progmem.data.__c.1858
                0x00001681       0x40 ./webpages.o
 .progmem.data.__c.1856
                0x000016c1       0x3e ./webpages.o
                0x00001700                . = ALIGN (0x2)
 *fill*         0x000016ff        0x1 
 *(.jumptables)
 *(.jumptables*)
 *(.lowtext)
 *(.lowtext*)
                0x00001700                __ctors_start = .
 *(.ctors)
                0x00001700                __ctors_end = .
                0x00001700                __dtors_start = .
 *(.dtors)
                0x00001700                __dtors_end = .
 SORT(*)(.ctors)
 SORT(*)(.dtors)
 *(.init0)
 .init0         0x00001700        0x0 d:/programs/avr/toolchain362/bin/../lib/gcc/avr/5.4.0/../../../../avr/lib/avr5/crtatmega32.o
                0x00001700                __init
 *(.init0)
 *(.init1)
 *(.init1)
 *(.init2)
 .init2         0x00001700        0xc d:/programs/avr/toolchain362/bin/../lib/gcc/avr/5.4.0/../../../../avr/lib/avr5/crtatmega32.o
 *(.init2)
 *(.init3)
 *(.init3)
 *(.init4)
 .init4         0x0000170c       0x16 d:/programs/avr/toolchain362/bin/../lib/gcc/avr/5.4.0/avr5\libgcc.a(_copy_data.o)
                0x0000170c                __do_copy_data
 .init4         0x00001722       0x10 d:/programs/avr/toolchain362/bin/../lib/gcc/avr/5.4.0/avr5\libgcc.a(_clear_bss.o)
                0x00001722                __do_clear_bss
 *(.init4)
 *(.init5)
 *(.init5)
 *(.init6)
 *(.init6)
 *(.init7)
 *(.init7)
 *(.init8)
 *(.init8)
 *(.init9)
 .init9         0x00001732        0x8 d:/programs/avr/toolchain362/bin/../lib/gcc/avr/5.4.0/../../../../avr/lib/avr5/crtatmega32.o
 *(.init9)
 *(.text)
 .text          0x0000173a        0x4 d:/programs/avr/toolchain362/bin/../lib/gcc/avr/5.4.0/../../../../avr/lib/avr5/crtatmega32.o
                0x0000173a                __vector_1
                0x0000173a                __vector_12
                0x0000173a                __bad_interrupt
                0x0000173a                __vector_6
                0x0000173a                __vector_3
                0x0000173a                __vector_11
                0x0000173a                __vector_17
                0x0000173a                __vector_19
                0x0000173a                __vector_5
                0x0000173a                __vector_4
                0x0000173a                __vector_9
                0x0000173a                __vector_2
                0x0000173a                __vector_15
                0x0000173a                __vector_8
                0x0000173a                __vector_14
                0x0000173a                __vector_16
                0x0000173a                __vector_18
                0x0000173a                __vector_20
 .text          0x0000173e        0x0 ./dnslkup.o
 .text          0x0000173e        0x0 ./enc28j60.o
 .text          0x0000173e        0x0 ./ip_arp_udp_tcp.o
 .text          0x0000173e        0x0 ./lcd.o
 .text          0x0000173e        0x0 ./main.o
 .text          0x0000173e        0x0 ./onewire.o
 .text          0x0000173e        0x0 ./pwm.o
 .text          0x0000173e        0x0 ./timeconv.o
 .text          0x0000173e        0x0 ./timer.o
 .text          0x0000173e        0x0 ./uart.o
 .text          0x0000173e        0x0 ./webpages.o
 .text          0x0000173e        0x0 d:/programs/avr/toolchain362/bin/../lib/gcc/avr/5.4.0/avr5\libgcc.a(_udivmodhi4.o)
 .text          0x0000173e        0x0 d:/programs/avr/toolchain362/bin/../lib/gcc/avr/5.4.0/avr5\libgcc.a(_udivmodsi4.o)
 .text          0x0000173e        0x0 d:/programs/avr/toolchain362/bin/../lib/gcc/avr/5.4.0/avr5\libgcc.a(_exit.o)
 .text          0x0000173e        0x0 d:/programs/avr/toolchain362/bin/../lib/gcc/avr/5.4.0/avr5\libgcc.a(_copy_data.o)
 .text          0x0000173e        0x0 d:/programs/avr/toolchain362/bin/../lib/gcc/avr/5.4.0/avr5\libgcc.a(_clear_bss.o)
 .text          0x0000173e        0x0 d:/programs/avr/toolchain362/bin/../lib/gcc/avr/5.4.0/avr5\libgcc.a(_bswapsi2.o)
 .text          0x0000173e        0x0 d:/programs/avr/toolchain362/bin/../lib/gcc/avr/5.4.0/avr5\libgcc.a(_usmulhisi3.o)
 .text          0x0000173e        0x0 d:/programs/avr/toolchain362/bin/../lib/gcc/avr/5.4.0/avr5\libgcc.a(_umulhisi3.o)
 .text          0x0000173e        0x0 d:/programs/avr/toolchain362/bin/../lib/gcc/avr/5.4.0/../../../../avr/lib/avr5\libm.a(floatsisf.o)
 .text          0x0000173e        0x0 d:/programs/avr/toolchain362/bin/../lib/gcc/avr/5.4.0/../../../../avr/lib/avr5\libm.a(mulsf3.o)
 .text          0x0000173e        0x0 d:/programs/avr/toolchain362/bin/../lib/gcc/avr/5.4.0/../../../../avr/lib/avr5\libm.a(mulsf3x.o)
 .text          0x0000173e        0x0 d:/programs/avr/toolchain362/bin/../lib/gcc/avr/5.4.0/../../../../avr/lib/avr5\libm.a(fp_inf.o)
 .text          0x0000173e        0x0 d:/programs/avr/toolchain362/bin/../lib/gcc/avr/5.4.0/../../../../avr/lib/avr5\libm.a(fp_nan.o)
 .text          0x0000173e        0x0 d:/programs/avr/toolchain362/bin/../lib/gcc/avr/5.4.0/../../../../avr/lib/avr5\libm.a(fp_pscA.o)
 .text          0x0000173e        0x0 d:/programs/avr/toolchain362/bin/../lib/gcc/avr/5.4.0/../../../../avr/lib/avr5\libm.a(fp_pscB.o)
 .text          0x0000173e        0x0 d:/programs/avr/toolchain362/bin/../lib/gcc/avr/5.4.0/../../../../avr/lib/avr5\libm.a(fp_round.o)
 .text          0x0000173e        0x0 d:/programs/avr/toolchain362/bin/../lib/gcc/avr/5.4.0/../../../../avr/lib/avr5\libm.a(fp_split3.o)
 .text          0x0000173e        0x0 d:/programs/avr/toolchain362/bin/../lib/gcc/avr/5.4.0/../../../../avr/lib/avr5\libm.a(fp_zero.o)
 .text          0x0000173e        0x0 d:/programs/avr/toolchain362/bin/../lib/gcc/avr/5.4.0/../../../../avr/lib/avr5\libc.a(dtostrf.o)
 .text          0x0000173e        0x0 d:/programs/avr/toolchain362/bin/../lib/gcc/avr/5.4.0/../../../../avr/lib/avr5\libc.a(atoi.o)
 .text          0x0000173e        0x0 d:/programs/avr/toolchain362/bin/../lib/gcc/avr/5.4.0/../../../../avr/lib/avr5\libc.a(strtok.o)
 .text          0x0000173e        0x0 d:/programs/avr/toolchain362/bin/../lib/gcc/avr/5.4.0/../../../../avr/lib/avr5\libc.a(strcmp.o)
 .text          0x0000173e        0x0 d:/programs/avr/toolchain362/bin/../lib/gcc/avr/5.4.0/../../../../avr/lib/avr5\libc.a(strcpy.o)
 .text          0x0000173e        0x0 d:/programs/avr/toolchain362/bin/../lib/gcc/avr/5.4.0/../../../../avr/lib/avr5\libc.a(strncmp.o)
 .text          0x0000173e        0x0 d:/programs/avr/toolchain362/bin/../lib/gcc/avr/5.4.0/../../../../avr/lib/avr5\libc.a(strstr.o)
 .text          0x0000173e        0x0 d:/programs/avr/toolchain362/bin/../lib/gcc/avr/5.4.0/../../../../avr/lib/avr5\libc.a(strtok_r.o)
 .text          0x0000173e        0x0 d:/programs/avr/toolchain362/bin/../lib/gcc/avr/5.4.0/../../../../avr/lib/avr5\libc.a(mul10.o)
 .text          0x0000173e        0x0 d:/programs/avr/toolchain362/bin/../lib/gcc/avr/5.4.0/../../../../avr/lib/avr5\libc.a(sprintf_p.o)
 .text          0x0000173e        0x0 d:/programs/avr/toolchain362/bin/../lib/gcc/avr/5.4.0/../../../../avr/lib/avr5\libc.a(vsprintf.o)
 .text          0x0000173e        0x0 d:/programs/avr/toolchain362/bin/../lib/gcc/avr/5.4.0/../../../../avr/lib/avr5\libc.a(vfprintf_std.o)
 .text          0x0000173e        0x0 d:/programs/avr/toolchain362/bin/../lib/gcc/avr/5.4.0/../../../../avr/lib/avr5\libc.a(dtoa_prf.o)
 .text          0x0000173e        0x0 d:/programs/avr/toolchain362/bin/../lib/gcc/avr/5.4.0/../../../../avr/lib/avr5\libc.a(ftoa_engine.o)
 .text          0x0000173e        0x0 d:/programs/avr/toolchain362/bin/../lib/gcc/avr/5.4.0/../../../../avr/lib/avr5\libc.a(strnlen_P.o)
 .text          0x0000173e        0x0 d:/programs/avr/toolchain362/bin/../lib/gcc/avr/5.4.0/../../../../avr/lib/avr5\libc.a(strnlen.o)
 .text          0x0000173e        0x0 d:/programs/avr/toolchain362/bin/../lib/gcc/avr/5.4.0/../../../../avr/lib/avr5\libc.a(fputc.o)
 .text          0x0000173e        0x0 d:/programs/avr/toolchain362/bin/../lib/gcc/avr/5.4.0/../../../../avr/lib/avr5\libc.a(ultoa_invert.o)
 .text          0x0000173e        0x0 d:/programs/avr/toolchain362/bin/../lib/gcc/avr/5.4.0/avr5\libgcc.a(_prologue.o)
 .text          0x0000173e        0x0 d:/programs/avr/toolchain362/bin/../lib/gcc/avr/5.4.0/avr5\libgcc.a(_epilogue.o)
                0x0000173e                . = ALIGN (0x2)
 *(.text.*)
 .text.enc28j60ReadOp
                0x0000173e       0x26 ./enc28j60.o
                0x0000173e                enc28j60ReadOp
 .text.enc28j60WriteOp
                0x00001764       0x16 ./enc28j60.o
                0x00001764                enc28j60WriteOp
 .text.enc28j60ReadBuffer
                0x0000177a       0x28 ./enc28j60.o
                0x0000177a                enc28j60ReadBuffer
 .text.enc28j60WriteBuffer
                0x000017a2       0x26 ./enc28j60.o
                0x000017a2                enc28j60WriteBuffer
 .text.enc28j60SetBank
                0x000017c8       0x44 ./enc28j60.o
                0x000017c8                enc28j60SetBank
 .text.enc28j60Read
                0x0000180c       0x12 ./enc28j60.o
                0x0000180c                enc28j60Read
 .text.enc28j60Write
                0x0000181e       0x1a ./enc28j60.o
                0x0000181e                enc28j60Write
 .text.enc28j60PhyReadH
                0x00001838       0x34 ./enc28j60.o
                0x00001838                enc28j60PhyReadH
 .text.enc28j60PhyWrite
                0x0000186c       0x3a ./enc28j60.o
                0x0000186c                enc28j60PhyWrite
 .text.enc28j60Init
                0x000018a6      0x146 ./enc28j60.o
                0x000018a6                enc28j60Init
 .text.enc28j60getrev
                0x000019ec        0xe ./enc28j60.o
                0x000019ec                enc28j60getrev
 .text.enc28j60linkup
                0x000019fa       0x12 ./enc28j60.o
                0x000019fa                enc28j60linkup
 .text.enc28j60PacketSend
                0x00001a0c       0xa2 ./enc28j60.o
                0x00001a0c                enc28j60PacketSend
 .text.enc28j60hasRxPkt
                0x00001aae       0x12 ./enc28j60.o
                0x00001aae                enc28j60hasRxPkt
 .text.enc28j60PacketReceive
                0x00001ac0      0x112 ./enc28j60.o
                0x00001ac0                enc28j60PacketReceive
 .text.checksum
                0x00001bd2       0xb6 ./ip_arp_udp_tcp.o
                0x00001bd2                checksum
 .text.init_ip_arp_udp_tcp
                0x00001c88       0x2e ./ip_arp_udp_tcp.o
                0x00001c88                init_ip_arp_udp_tcp
 .text.check_ip_message_is_from
                0x00001cb6       0x1e ./ip_arp_udp_tcp.o
                0x00001cb6                check_ip_message_is_from
 .text.eth_type_is_arp_and_my_ip
                0x00001cd4       0x32 ./ip_arp_udp_tcp.o
                0x00001cd4                eth_type_is_arp_and_my_ip
 .text.eth_type_is_arp_reply
                0x00001d06       0x10 ./ip_arp_udp_tcp.o
                0x00001d06                eth_type_is_arp_reply
 .text.eth_type_is_arp_req
                0x00001d16       0x10 ./ip_arp_udp_tcp.o
                0x00001d16                eth_type_is_arp_req
 .text.eth_type_is_ip_and_my_ip
                0x00001d26       0x42 ./ip_arp_udp_tcp.o
                0x00001d26                eth_type_is_ip_and_my_ip
 .text.make_eth
                0x00001d68       0x18 ./ip_arp_udp_tcp.o
                0x00001d68                make_eth
 .text.make_eth_ip_new
                0x00001d80       0x30 ./ip_arp_udp_tcp.o
                0x00001d80                make_eth_ip_new
 .text.fill_ip_hdr_checksum
                0x00001db0       0x2a ./ip_arp_udp_tcp.o
                0x00001db0                fill_ip_hdr_checksum
 .text.make_ip_tcp_new
                0x00001dda       0x62 ./ip_arp_udp_tcp.o
                0x00001dda                make_ip_tcp_new
 .text.make_ip  0x00001e3c       0x20 ./ip_arp_udp_tcp.o
                0x00001e3c                make_ip
 .text.make_tcphead
                0x00001e5c       0x7c ./ip_arp_udp_tcp.o
                0x00001e5c                make_tcphead
 .text.make_arp_answer_from_request
                0x00001ed8       0x5c ./ip_arp_udp_tcp.o
                0x00001ed8                make_arp_answer_from_request
 .text.make_echo_reply_from_request
                0x00001f34       0x38 ./ip_arp_udp_tcp.o
                0x00001f34                make_echo_reply_from_request
 .text.make_tcp_synack_from_syn
                0x00001f6c       0x48 ./ip_arp_udp_tcp.o
                0x00001f6c                make_tcp_synack_from_syn
 .text.get_tcp_data_pointer
                0x00001fb4       0x1e ./ip_arp_udp_tcp.o
                0x00001fb4                get_tcp_data_pointer
 .text.init_len_info
                0x00001fd2       0x48 ./ip_arp_udp_tcp.o
                0x00001fd2                init_len_info
 .text.fill_buf_p
                0x0000201a       0x1c ./ip_arp_udp_tcp.o
                0x0000201a                fill_buf_p
 .text.fill_tcp_data_p
                0x00002036       0x24 ./ip_arp_udp_tcp.o
                0x00002036                fill_tcp_data_p
 .text.fill_tcp_data
                0x0000205a       0x22 ./ip_arp_udp_tcp.o
                0x0000205a                fill_tcp_data
 .text.make_tcp_ack_from_any
                0x0000207c       0x56 ./ip_arp_udp_tcp.o
                0x0000207c                make_tcp_ack_from_any
 .text.make_tcp_ack_with_data
                0x000020d2       0x48 ./ip_arp_udp_tcp.o
                0x000020d2                make_tcp_ack_with_data
 .text.make_arp_request
                0x0000211a       0x8c ./ip_arp_udp_tcp.o
                0x0000211a                make_arp_request
 .text.arp_packet_is_myreply_arp
                0x000021a6       0x42 ./ip_arp_udp_tcp.o
                0x000021a6                arp_packet_is_myreply_arp
 .text.tcp_client_send_packet
                0x000021e8      0x120 ./ip_arp_udp_tcp.o
                0x000021e8                tcp_client_send_packet
 .text.tcp_get_dlength
                0x00002308       0x2e ./ip_arp_udp_tcp.o
                0x00002308                tcp_get_dlength
 .text.client_arp_whohas
                0x00002336       0x94 ./ip_arp_udp_tcp.o
                0x00002336                client_arp_whohas
 .text.client_store_gw_mac
                0x000023ca       0x38 ./ip_arp_udp_tcp.o
                0x000023ca                client_store_gw_mac
 .text.client_store_ip
                0x00002402       0x14 ./ip_arp_udp_tcp.o
                0x00002402                client_store_ip
 .text.is_client_authorized
                0x00002416       0x20 ./ip_arp_udp_tcp.o
                0x00002416                is_client_authorized
 .text.client_ntp_request
                0x00002436       0xd6 ./ip_arp_udp_tcp.o
                0x00002436                client_ntp_request
 .text.client_ntp_process_answer
                0x0000250c       0x5a ./ip_arp_udp_tcp.o
                0x0000250c                client_ntp_process_answer
 .text._LCD_OutNibble
                0x00002566       0x2a ./lcd.o
                0x00002566                _LCD_OutNibble
 .text._LCD_InNibble
                0x00002590       0x12 ./lcd.o
                0x00002590                _LCD_InNibble
 .text._LCD_Read
                0x000025a2       0x2e ./lcd.o
                0x000025a2                _LCD_Read
 .text.LCD_ReadStatus
                0x000025d0        0x6 ./lcd.o
                0x000025d0                LCD_ReadStatus
 .text._LCD_Write
                0x000025d6       0x30 ./lcd.o
                0x000025d6                _LCD_Write
 .text.LCD_WriteCommand
                0x00002606        0x6 ./lcd.o
                0x00002606                LCD_WriteCommand
 .text.LCD_WriteData
                0x0000260c        0x6 ./lcd.o
                0x0000260c                LCD_WriteData
 .text.LCD_ReadData
                0x00002612        0x6 ./lcd.o
                0x00002612                LCD_ReadData
 .text.LCD_WriteText
                0x00002618       0x18 ./lcd.o
                0x00002618                LCD_WriteText
 .text.LCD_GoTo
                0x00002630        0xe ./lcd.o
                0x00002630                LCD_GoTo
 .text.LCD_Clear
                0x0000263e       0x12 ./lcd.o
                0x0000263e                LCD_Clear
 .text.LCD_Home
                0x00002650       0x12 ./lcd.o
                0x00002650                LCD_Home
 .text.LCD_Initalize
                0x00002662       0x74 ./lcd.o
                0x00002662                LCD_Initalize
 .text.odczyt_temp
                0x000026d6       0x84 ./main.o
                0x000026d6                odczyt_temp
 .text.analyse_get_url
                0x0000275a       0x40 ./main.o
                0x0000275a                analyse_get_url
 .text.moved_perm
                0x0000279a       0x46 ./main.o
                0x0000279a                moved_perm
 .text.http200ok
                0x000027e0       0x10 ./main.o
                0x000027e0                http200ok
 .text.http401unauthorized
                0x000027f0       0x10 ./main.o
                0x000027f0                http401unauthorized
 .text.print_webpage
                0x00002800      0x1fa ./main.o
                0x00002800                print_webpage
 .text.delay_ms
                0x000029fa       0x12 ./main.o
                0x000029fa                delay_ms
 .text.decode_execute_and_response_tcp_command
                0x00002a0c      0x142 ./main.o
                0x00002a0c                decode_execute_and_response_tcp_command
 .text.startup.main
                0x00002b4e      0x524 ./main.o
                0x00002b4e                main
 .text.owire_delay
                0x00003072        0x6 ./onewire.o
                0x00003072                owire_delay
 .text.owire_reset
                0x00003078       0x16 ./onewire.o
                0x00003078                owire_reset
 .text.owire_write_bit
                0x0000308e       0x1e ./onewire.o
                0x0000308e                owire_write_bit
 .text.owire_read_bit
                0x000030ac       0x1e ./onewire.o
                0x000030ac                owire_read_bit
 .text.owire_read_byte
                0x000030ca       0x4a ./onewire.o
                0x000030ca                owire_read_byte
 .text.owire_write_byte
                0x00003114       0x3e ./onewire.o
                0x00003114                owire_write_byte
 .text.__vector_10
                0x00003152       0x1c ./pwm.o
                0x00003152                __vector_10
 .text.pwm_init
                0x0000316e       0x18 ./pwm.o
                0x0000316e                pwm_init
 .text.monthlen
                0x00003186       0x1a ./timeconv.o
                0x00003186                monthlen
 .text.gmtime   0x000031a0      0x250 ./timeconv.o
                0x000031a0                gmtime
 .text.winter_summer_time_correction
                0x000033f0      0x23e ./timeconv.o
                0x000033f0                winter_summer_time_correction
 .text.__vector_7
                0x0000362e       0x62 ./timer.o
                0x0000362e                __vector_7
 .text.timer_init
                0x00003690       0x22 ./timer.o
                0x00003690                timer_init
 .text.uart_init
                0x000036b2       0x10 ./uart.o
                0x000036b2                uart_init
 .text.uart_send
                0x000036c2        0x8 ./uart.o
                0x000036c2                uart_send
 .text.uart_receive
                0x000036ca        0x8 ./uart.o
                0x000036ca                uart_receive
 .text.uart_send_string_from_FLASH
                0x000036d2       0x22 ./uart.o
                0x000036d2                uart_send_string_from_FLASH
 .text.uart_send_string
                0x000036f4       0x18 ./uart.o
                0x000036f4                uart_send_string
 .text.uart_printf
                0x0000370c       0x4c ./uart.o
                0x0000370c                uart_printf
 .text.__vector_13
                0x00003758       0xc6 ./uart.o
                0x00003758                __vector_13
 .text.print_style_css
                0x0000381e       0xbe ./webpages.o
                0x0000381e                print_style_css
 .text.print_login_page
                0x000038dc       0x4a ./webpages.o
                0x000038dc                print_login_page
 .text.print_menu_page
                0x00003926       0x4a ./webpages.o
                0x00003926                print_menu_page
 .text.print_ipconfig_page
                0x00003970      0x15e ./webpages.o
                0x00003970                print_ipconfig_page
 .text.libgcc.mul
                0x00003ace        0x0 d:/programs/avr/toolchain362/bin/../lib/gcc/avr/5.4.0/avr5\libgcc.a(_udivmodhi4.o)
 .text.libgcc.div
                0x00003ace       0x28 d:/programs/avr/toolchain362/bin/../lib/gcc/avr/5.4.0/avr5\libgcc.a(_udivmodhi4.o)
                0x00003ace                __udivmodhi4
 .text.libgcc   0x00003af6        0x0 d:/programs/avr/toolchain362/bin/../lib/gcc/avr/5.4.0/avr5\libgcc.a(_udivmodhi4.o)
 .text.libgcc.prologue
                0x00003af6        0x0 d:/programs/avr/toolchain362/bin/../lib/gcc/avr/5.4.0/avr5\libgcc.a(_udivmodhi4.o)
 .text.libgcc.builtins
                0x00003af6        0x0 d:/programs/avr/toolchain362/bin/../lib/gcc/avr/5.4.0/avr5\libgcc.a(_udivmodhi4.o)
 .text.libgcc.fmul
                0x00003af6        0x0 d:/programs/avr/toolchain362/bin/../lib/gcc/avr/5.4.0/avr5\libgcc.a(_udivmodhi4.o)
 .text.libgcc.fixed
                0x00003af6        0x0 d:/programs/avr/toolchain362/bin/../lib/gcc/avr/5.4.0/avr5\libgcc.a(_udivmodhi4.o)
 .text.libgcc.mul
                0x00003af6        0x0 d:/programs/avr/toolchain362/bin/../lib/gcc/avr/5.4.0/avr5\libgcc.a(_udivmodsi4.o)
 .text.libgcc.div
                0x00003af6       0x44 d:/programs/avr/toolchain362/bin/../lib/gcc/avr/5.4.0/avr5\libgcc.a(_udivmodsi4.o)
                0x00003af6                __udivmodsi4
 .text.libgcc   0x00003b3a        0x0 d:/programs/avr/toolchain362/bin/../lib/gcc/avr/5.4.0/avr5\libgcc.a(_udivmodsi4.o)
 .text.libgcc.prologue
                0x00003b3a        0x0 d:/programs/avr/toolchain362/bin/../lib/gcc/avr/5.4.0/avr5\libgcc.a(_udivmodsi4.o)
 .text.libgcc.builtins
                0x00003b3a        0x0 d:/programs/avr/toolchain362/bin/../lib/gcc/avr/5.4.0/avr5\libgcc.a(_udivmodsi4.o)
 .text.libgcc.fmul
                0x00003b3a        0x0 d:/programs/avr/toolchain362/bin/../lib/gcc/avr/5.4.0/avr5\libgcc.a(_udivmodsi4.o)
 .text.libgcc.fixed
                0x00003b3a        0x0 d:/programs/avr/toolchain362/bin/../lib/gcc/avr/5.4.0/avr5\libgcc.a(_udivmodsi4.o)
 .text.libgcc.mul
                0x00003b3a        0x0 d:/programs/avr/toolchain362/bin/../lib/gcc/avr/5.4.0/avr5\libgcc.a(_exit.o)
 .text.libgcc.div
                0x00003b3a        0x0 d:/programs/avr/toolchain362/bin/../lib/gcc/avr/5.4.0/avr5\libgcc.a(_exit.o)
 .text.libgcc   0x00003b3a        0x0 d:/programs/avr/toolchain362/bin/../lib/gcc/avr/5.4.0/avr5\libgcc.a(_exit.o)
 .text.libgcc.prologue
                0x00003b3a        0x0 d:/programs/avr/toolchain362/bin/../lib/gcc/avr/5.4.0/avr5\libgcc.a(_exit.o)
 .text.libgcc.builtins
                0x00003b3a        0x0 d:/programs/avr/toolchain362/bin/../lib/gcc/avr/5.4.0/avr5\libgcc.a(_exit.o)
 .text.libgcc.fmul
                0x00003b3a        0x0 d:/programs/avr/toolchain362/bin/../lib/gcc/avr/5.4.0/avr5\libgcc.a(_exit.o)
 .text.libgcc.fixed
                0x00003b3a        0x0 d:/programs/avr/toolchain362/bin/../lib/gcc/avr/5.4.0/avr5\libgcc.a(_exit.o)
 .text.libgcc.mul
                0x00003b3a        0x0 d:/programs/avr/toolchain362/bin/../lib/gcc/avr/5.4.0/avr5\libgcc.a(_copy_data.o)
 .text.libgcc.div
                0x00003b3a        0x0 d:/programs/avr/toolchain362/bin/../lib/gcc/avr/5.4.0/avr5\libgcc.a(_copy_data.o)
 .text.libgcc   0x00003b3a        0x0 d:/programs/avr/toolchain362/bin/../lib/gcc/avr/5.4.0/avr5\libgcc.a(_copy_data.o)
 .text.libgcc.prologue
                0x00003b3a        0x0 d:/programs/avr/toolchain362/bin/../lib/gcc/avr/5.4.0/avr5\libgcc.a(_copy_data.o)
 .text.libgcc.builtins
                0x00003b3a        0x0 d:/programs/avr/toolchain362/bin/../lib/gcc/avr/5.4.0/avr5\libgcc.a(_copy_data.o)
 .text.libgcc.fmul
                0x00003b3a        0x0 d:/programs/avr/toolchain362/bin/../lib/gcc/avr/5.4.0/avr5\libgcc.a(_copy_data.o)
 .text.libgcc.fixed
                0x00003b3a        0x0 d:/programs/avr/toolchain362/bin/../lib/gcc/avr/5.4.0/avr5\libgcc.a(_copy_data.o)
 .text.libgcc.mul
                0x00003b3a        0x0 d:/programs/avr/toolchain362/bin/../lib/gcc/avr/5.4.0/avr5\libgcc.a(_clear_bss.o)
 .text.libgcc.div
                0x00003b3a        0x0 d:/programs/avr/toolchain362/bin/../lib/gcc/avr/5.4.0/avr5\libgcc.a(_clear_bss.o)
 .text.libgcc   0x00003b3a        0x0 d:/programs/avr/toolchain362/bin/../lib/gcc/avr/5.4.0/avr5\libgcc.a(_clear_bss.o)
 .text.libgcc.prologue
                0x00003b3a        0x0 d:/programs/avr/toolchain362/bin/../lib/gcc/avr/5.4.0/avr5\libgcc.a(_clear_bss.o)
 .text.libgcc.builtins
                0x00003b3a        0x0 d:/programs/avr/toolchain362/bin/../lib/gcc/avr/5.4.0/avr5\libgcc.a(_clear_bss.o)
 .text.libgcc.fmul
                0x00003b3a        0x0 d:/programs/avr/toolchain362/bin/../lib/gcc/avr/5.4.0/avr5\libgcc.a(_clear_bss.o)
 .text.libgcc.fixed
                0x00003b3a        0x0 d:/programs/avr/toolchain362/bin/../lib/gcc/avr/5.4.0/avr5\libgcc.a(_clear_bss.o)
 .text.libgcc.mul
                0x00003b3a        0x0 d:/programs/avr/toolchain362/bin/../lib/gcc/avr/5.4.0/avr5\libgcc.a(_bswapsi2.o)
 .text.libgcc.div
                0x00003b3a        0x0 d:/programs/avr/toolchain362/bin/../lib/gcc/avr/5.4.0/avr5\libgcc.a(_bswapsi2.o)
 .text.libgcc   0x00003b3a        0x0 d:/programs/avr/toolchain362/bin/../lib/gcc/avr/5.4.0/avr5\libgcc.a(_bswapsi2.o)
 .text.libgcc.prologue
                0x00003b3a        0x0 d:/programs/avr/toolchain362/bin/../lib/gcc/avr/5.4.0/avr5\libgcc.a(_bswapsi2.o)
 .text.libgcc.builtins
                0x00003b3a        0xe d:/programs/avr/toolchain362/bin/../lib/gcc/avr/5.4.0/avr5\libgcc.a(_bswapsi2.o)
                0x00003b3a                __bswapsi2
 .text.libgcc.fmul
                0x00003b48        0x0 d:/programs/avr/toolchain362/bin/../lib/gcc/avr/5.4.0/avr5\libgcc.a(_bswapsi2.o)
 .text.libgcc.fixed
                0x00003b48        0x0 d:/programs/avr/toolchain362/bin/../lib/gcc/avr/5.4.0/avr5\libgcc.a(_bswapsi2.o)
 .text.libgcc.mul
                0x00003b48        0xe d:/programs/avr/toolchain362/bin/../lib/gcc/avr/5.4.0/avr5\libgcc.a(_usmulhisi3.o)
                0x00003b48                __usmulhisi3
                0x00003b4c                __usmulhisi3_tail
 .text.libgcc.div
                0x00003b56        0x0 d:/programs/avr/toolchain362/bin/../lib/gcc/avr/5.4.0/avr5\libgcc.a(_usmulhisi3.o)
 .text.libgcc   0x00003b56        0x0 d:/programs/avr/toolchain362/bin/../lib/gcc/avr/5.4.0/avr5\libgcc.a(_usmulhisi3.o)
 .text.libgcc.prologue
                0x00003b56        0x0 d:/programs/avr/toolchain362/bin/../lib/gcc/avr/5.4.0/avr5\libgcc.a(_usmulhisi3.o)
 .text.libgcc.builtins
                0x00003b56        0x0 d:/programs/avr/toolchain362/bin/../lib/gcc/avr/5.4.0/avr5\libgcc.a(_usmulhisi3.o)
 .text.libgcc.fmul
                0x00003b56        0x0 d:/programs/avr/toolchain362/bin/../lib/gcc/avr/5.4.0/avr5\libgcc.a(_usmulhisi3.o)
 .text.libgcc.fixed
                0x00003b56        0x0 d:/programs/avr/toolchain362/bin/../lib/gcc/avr/5.4.0/avr5\libgcc.a(_usmulhisi3.o)
 .text.libgcc.mul
                0x00003b56       0x1e d:/programs/avr/toolchain362/bin/../lib/gcc/avr/5.4.0/avr5\libgcc.a(_umulhisi3.o)
                0x00003b56                __umulhisi3
 .text.libgcc.div
                0x00003b74        0x0 d:/programs/avr/toolchain362/bin/../lib/gcc/avr/5.4.0/avr5\libgcc.a(_umulhisi3.o)
 .text.libgcc   0x00003b74        0x0 d:/programs/avr/toolchain362/bin/../lib/gcc/avr/5.4.0/avr5\libgcc.a(_umulhisi3.o)
 .text.libgcc.prologue
                0x00003b74        0x0 d:/programs/avr/toolchain362/bin/../lib/gcc/avr/5.4.0/avr5\libgcc.a(_umulhisi3.o)
 .text.libgcc.builtins
                0x00003b74        0x0 d:/programs/avr/toolchain362/bin/../lib/gcc/avr/5.4.0/avr5\libgcc.a(_umulhisi3.o)
 .text.libgcc.fmul
                0x00003b74        0x0 d:/programs/avr/toolchain362/bin/../lib/gcc/avr/5.4.0/avr5\libgcc.a(_umulhisi3.o)
 .text.libgcc.fixed
                0x00003b74        0x0 d:/programs/avr/toolchain362/bin/../lib/gcc/avr/5.4.0/avr5\libgcc.a(_umulhisi3.o)
 .text.avr-libc.fplib
                0x00003b74       0x7a d:/programs/avr/toolchain362/bin/../lib/gcc/avr/5.4.0/../../../../avr/lib/avr5\libm.a(floatsisf.o)
                0x00003b74                __floatunsisf
                0x00003b78                __floatsisf
 .text.avr-libc.fplib
                0x00003bee        0x8 d:/programs/avr/toolchain362/bin/../lib/gcc/avr/5.4.0/../../../../avr/lib/avr5\libm.a(mulsf3.o)
                0x00003bee                __mulsf3
 .text.avr-libc.fplib
                0x00003bf6       0xd2 d:/programs/avr/toolchain362/bin/../lib/gcc/avr/5.4.0/../../../../avr/lib/avr5\libm.a(mulsf3x.o)
                0x00003c14                __mulsf3x
                0x00003c1a                __mulsf3_pse
 .text.avr-libc.fplib
                0x00003cc8        0xc d:/programs/avr/toolchain362/bin/../lib/gcc/avr/5.4.0/../../../../avr/lib/avr5\libm.a(fp_inf.o)
                0x00003cc8                __fp_inf
 .text.avr-libc.fplib
                0x00003cd4        0x6 d:/programs/avr/toolchain362/bin/../lib/gcc/avr/5.4.0/../../../../avr/lib/avr5\libm.a(fp_nan.o)
                0x00003cd4                __fp_nan
 .text.avr-libc.fplib
                0x00003cda        0xe d:/programs/avr/toolchain362/bin/../lib/gcc/avr/5.4.0/../../../../avr/lib/avr5\libm.a(fp_pscA.o)
                0x00003cda                __fp_pscA
 .text.avr-libc.fplib
                0x00003ce8        0xe d:/programs/avr/toolchain362/bin/../lib/gcc/avr/5.4.0/../../../../avr/lib/avr5\libm.a(fp_pscB.o)
                0x00003ce8                __fp_pscB
 .text.avr-libc.fplib
                0x00003cf6       0x22 d:/programs/avr/toolchain362/bin/../lib/gcc/avr/5.4.0/../../../../avr/lib/avr5\libm.a(fp_round.o)
                0x00003cf6                __fp_round
 .text.avr-libc.fplib
                0x00003d18       0x44 d:/programs/avr/toolchain362/bin/../lib/gcc/avr/5.4.0/../../../../avr/lib/avr5\libm.a(fp_split3.o)
                0x00003d18                __fp_split3
                0x00003d28                __fp_splitA
 .text.avr-libc.fplib
                0x00003d5c        0xe d:/programs/avr/toolchain362/bin/../lib/gcc/avr/5.4.0/../../../../avr/lib/avr5\libm.a(fp_zero.o)
                0x00003d5c                __fp_zero
                0x00003d5e                __fp_szero
 .text.avr-libc
                0x00003d6a       0x40 d:/programs/avr/toolchain362/bin/../lib/gcc/avr/5.4.0/../../../../avr/lib/avr5\libc.a(dtostrf.o)
                0x00003d6a                dtostrf
 .text.avr-libc
                0x00003daa       0x3c d:/programs/avr/toolchain362/bin/../lib/gcc/avr/5.4.0/../../../../avr/lib/avr5\libc.a(atoi.o)
                0x00003daa                atoi
 .text.avr-libc
                0x00003de6        0xa d:/programs/avr/toolchain362/bin/../lib/gcc/avr/5.4.0/../../../../avr/lib/avr5\libc.a(strtok.o)
                0x00003de6                strtok
 .text.avr-libc
                0x00003df0       0x12 d:/programs/avr/toolchain362/bin/../lib/gcc/avr/5.4.0/../../../../avr/lib/avr5\libc.a(strcmp.o)
                0x00003df0                strcmp
 .text.avr-libc
                0x00003e02        0xe d:/programs/avr/toolchain362/bin/../lib/gcc/avr/5.4.0/../../../../avr/lib/avr5\libc.a(strcpy.o)
                0x00003e02                strcpy
 .text.avr-libc
                0x00003e10       0x1c d:/programs/avr/toolchain362/bin/../lib/gcc/avr/5.4.0/../../../../avr/lib/avr5\libc.a(strncmp.o)
                0x00003e10                strncmp
 .text.avr-libc
                0x00003e2c       0x34 d:/programs/avr/toolchain362/bin/../lib/gcc/avr/5.4.0/../../../../avr/lib/avr5\libc.a(strstr.o)
                0x00003e2c                strstr
 .text.avr-libc
                0x00003e60       0x4e d:/programs/avr/toolchain362/bin/../lib/gcc/avr/5.4.0/../../../../avr/lib/avr5\libc.a(strtok_r.o)
                0x00003e60                strtok_r
 .text.avr-libc
                0x00003eae       0x10 d:/programs/avr/toolchain362/bin/../lib/gcc/avr/5.4.0/../../../../avr/lib/avr5\libc.a(mul10.o)
                0x00003eae                __mulhi_const_10
 .text.avr-libc
                0x00003ebe       0x44 d:/programs/avr/toolchain362/bin/../lib/gcc/avr/5.4.0/../../../../avr/lib/avr5\libc.a(sprintf_p.o)
                0x00003ebe                sprintf_P
 .text.avr-libc
                0x00003f02       0x38 d:/programs/avr/toolchain362/bin/../lib/gcc/avr/5.4.0/../../../../avr/lib/avr5\libc.a(vsprintf.o)
                0x00003f02                vsprintf
 .text.avr-libc
                0x00003f3a      0x3c2 d:/programs/avr/toolchain362/bin/../lib/gcc/avr/5.4.0/../../../../avr/lib/avr5\libc.a(vfprintf_std.o)
                0x00003f3a                vfprintf
 .text.avr-libc
                0x000042fc      0x2b4 d:/programs/avr/toolchain362/bin/../lib/gcc/avr/5.4.0/../../../../avr/lib/avr5\libc.a(dtoa_prf.o)
                0x000042fc                dtoa_prf
 .text.avr-libc
                0x000045b0      0x1b0 d:/programs/avr/toolchain362/bin/../lib/gcc/avr/5.4.0/../../../../avr/lib/avr5\libc.a(ftoa_engine.o)
                0x000045b0                __ftoa_engine
 .text.avr-libc
                0x00004760       0x16 d:/programs/avr/toolchain362/bin/../lib/gcc/avr/5.4.0/../../../../avr/lib/avr5\libc.a(strnlen_P.o)
                0x00004760                strnlen_P
 .text.avr-libc
                0x00004776       0x16 d:/programs/avr/toolchain362/bin/../lib/gcc/avr/5.4.0/../../../../avr/lib/avr5\libc.a(strnlen.o)
                0x00004776                strnlen
 .text.avr-libc
                0x0000478c       0x78 d:/programs/avr/toolchain362/bin/../lib/gcc/avr/5.4.0/../../../../avr/lib/avr5\libc.a(fputc.o)
                0x0000478c                fputc
 .text.avr-libc
                0x00004804       0xbc d:/programs/avr/toolchain362/bin/../lib/gcc/avr/5.4.0/../../../../avr/lib/avr5\libc.a(ultoa_invert.o)
                0x00004804                __ultoa_invert
 .text.libgcc.mul
                0x000048c0        0x0 d:/programs/avr/toolchain362/bin/../lib/gcc/avr/5.4.0/avr5\libgcc.a(_prologue.o)
 .text.libgcc.div
                0x000048c0        0x0 d:/programs/avr/toolchain362/bin/../lib/gcc/avr/5.4.0/avr5\libgcc.a(_prologue.o)
 .text.libgcc   0x000048c0        0x0 d:/programs/avr/toolchain362/bin/../lib/gcc/avr/5.4.0/avr5\libgcc.a(_prologue.o)
 .text.libgcc.prologue
                0x000048c0       0x38 d:/programs/avr/toolchain362/bin/../lib/gcc/avr/5.4.0/avr5\libgcc.a(_prologue.o)
                0x000048c0                __prologue_saves__
 .text.libgcc.builtins
                0x000048f8        0x0 d:/programs/avr/toolchain362/bin/../lib/gcc/avr/5.4.0/avr5\libgcc.a(_prologue.o)
 .text.libgcc.fmul
                0x000048f8        0x0 d:/programs/avr/toolchain362/bin/../lib/gcc/avr/5.4.0/avr5\libgcc.a(_prologue.o)
 .text.libgcc.fixed
                0x000048f8        0x0 d:/programs/avr/toolchain362/bin/../lib/gcc/avr/5.4.0/avr5\libgcc.a(_prologue.o)
 .text.libgcc.mul
                0x000048f8        0x0 d:/programs/avr/toolchain362/bin/../lib/gcc/avr/5.4.0/avr5\libgcc.a(_epilogue.o)
 .text.libgcc.div
                0x000048f8        0x0 d:/programs/avr/toolchain362/bin/../lib/gcc/avr/5.4.0/avr5\libgcc.a(_epilogue.o)
 .text.libgcc   0x000048f8        0x0 d:/programs/avr/toolchain362/bin/../lib/gcc/avr/5.4.0/avr5\libgcc.a(_epilogue.o)
 .text.libgcc.prologue
                0x000048f8       0x36 d:/programs/avr/toolchain362/bin/../lib/gcc/avr/5.4.0/avr5\libgcc.a(_epilogue.o)
                0x000048f8                __epilogue_restores__
 .text.libgcc.builtins
                0x0000492e        0x0 d:/programs/avr/toolchain362/bin/../lib/gcc/avr/5.4.0/avr5\libgcc.a(_epilogue.o)
 .text.libgcc.fmul
                0x0000492e        0x0 d:/programs/avr/toolchain362/bin/../lib/gcc/avr/5.4.0/avr5\libgcc.a(_epilogue.o)
 .text.libgcc.fixed
                0x0000492e        0x0 d:/programs/avr/toolchain362/bin/../lib/gcc/avr/5.4.0/avr5\libgcc.a(_epilogue.o)
                0x0000492e                . = ALIGN (0x2)
 *(.fini9)
 .fini9         0x0000492e        0x0 d:/programs/avr/toolchain362/bin/../lib/gcc/avr/5.4.0/avr5\libgcc.a(_exit.o)
                0x0000492e                _exit
                0x0000492e                exit
 *(.fini9)
 *(.fini8)
 *(.fini8)
 *(.fini7)
 *(.fini7)
 *(.fini6)
 *(.fini6)
 *(.fini5)
 *(.fini5)
 *(.fini4)
 *(.fini4)
 *(.fini3)
 *(.fini3)
 *(.fini2)
 *(.fini2)
 *(.fini1)
 *(.fini1)
 *(.fini0)
 .fini0         0x0000492e        0x4 d:/programs/avr/toolchain362/bin/../lib/gcc/avr/5.4.0/avr5\libgcc.a(_exit.o)
 *(.fini0)
                0x00004932                _etext = .

.data           0x00800060      0x11e load address 0x00004932
                0x00800060                PROVIDE (__data_start, .)
 *(.data)
 .data          0x00800060        0x0 d:/programs/avr/toolchain362/bin/../lib/gcc/avr/5.4.0/../../../../avr/lib/avr5/crtatmega32.o
 .data          0x00800060        0x0 ./dnslkup.o
 .data          0x00800060        0x0 ./enc28j60.o
 .data          0x00800060        0x0 ./ip_arp_udp_tcp.o
 .data          0x00800060        0x0 ./lcd.o
 .data          0x00800060        0x0 ./main.o
 .data          0x00800060        0x0 ./onewire.o
 .data          0x00800060        0x0 ./pwm.o
 .data          0x00800060        0x0 ./timeconv.o
 .data          0x00800060        0x0 ./timer.o
 .data          0x00800060        0x0 ./uart.o
 .data          0x00800060        0x0 ./webpages.o
 .data          0x00800060        0x0 d:/programs/avr/toolchain362/bin/../lib/gcc/avr/5.4.0/avr5\libgcc.a(_udivmodhi4.o)
 .data          0x00800060        0x0 d:/programs/avr/toolchain362/bin/../lib/gcc/avr/5.4.0/avr5\libgcc.a(_udivmodsi4.o)
 .data          0x00800060        0x0 d:/programs/avr/toolchain362/bin/../lib/gcc/avr/5.4.0/avr5\libgcc.a(_exit.o)
 .data          0x00800060        0x0 d:/programs/avr/toolchain362/bin/../lib/gcc/avr/5.4.0/avr5\libgcc.a(_copy_data.o)
 .data          0x00800060        0x0 d:/programs/avr/toolchain362/bin/../lib/gcc/avr/5.4.0/avr5\libgcc.a(_clear_bss.o)
 .data          0x00800060        0x0 d:/programs/avr/toolchain362/bin/../lib/gcc/avr/5.4.0/avr5\libgcc.a(_bswapsi2.o)
 .data          0x00800060        0x0 d:/programs/avr/toolchain362/bin/../lib/gcc/avr/5.4.0/avr5\libgcc.a(_usmulhisi3.o)
 .data          0x00800060        0x0 d:/programs/avr/toolchain362/bin/../lib/gcc/avr/5.4.0/avr5\libgcc.a(_umulhisi3.o)
 .data          0x00800060        0x0 d:/programs/avr/toolchain362/bin/../lib/gcc/avr/5.4.0/../../../../avr/lib/avr5\libm.a(floatsisf.o)
 .data          0x00800060        0x0 d:/programs/avr/toolchain362/bin/../lib/gcc/avr/5.4.0/../../../../avr/lib/avr5\libm.a(mulsf3.o)
 .data          0x00800060        0x0 d:/programs/avr/toolchain362/bin/../lib/gcc/avr/5.4.0/../../../../avr/lib/avr5\libm.a(mulsf3x.o)
 .data          0x00800060        0x0 d:/programs/avr/toolchain362/bin/../lib/gcc/avr/5.4.0/../../../../avr/lib/avr5\libm.a(fp_inf.o)
 .data          0x00800060        0x0 d:/programs/avr/toolchain362/bin/../lib/gcc/avr/5.4.0/../../../../avr/lib/avr5\libm.a(fp_nan.o)
 .data          0x00800060        0x0 d:/programs/avr/toolchain362/bin/../lib/gcc/avr/5.4.0/../../../../avr/lib/avr5\libm.a(fp_pscA.o)
 .data          0x00800060        0x0 d:/programs/avr/toolchain362/bin/../lib/gcc/avr/5.4.0/../../../../avr/lib/avr5\libm.a(fp_pscB.o)
 .data          0x00800060        0x0 d:/programs/avr/toolchain362/bin/../lib/gcc/avr/5.4.0/../../../../avr/lib/avr5\libm.a(fp_round.o)
 .data          0x00800060        0x0 d:/programs/avr/toolchain362/bin/../lib/gcc/avr/5.4.0/../../../../avr/lib/avr5\libm.a(fp_split3.o)
 .data          0x00800060        0x0 d:/programs/avr/toolchain362/bin/../lib/gcc/avr/5.4.0/../../../../avr/lib/avr5\libm.a(fp_zero.o)
 .data          0x00800060        0x0 d:/programs/avr/toolchain362/bin/../lib/gcc/avr/5.4.0/../../../../avr/lib/avr5\libc.a(dtostrf.o)
 .data          0x00800060        0x0 d:/programs/avr/toolchain362/bin/../lib/gcc/avr/5.4.0/../../../../avr/lib/avr5\libc.a(atoi.o)
 .data          0x00800060        0x0 d:/programs/avr/toolchain362/bin/../lib/gcc/avr/5.4.0/../../../../avr/lib/avr5\libc.a(strtok.o)
 .data          0x00800060        0x0 d:/programs/avr/toolchain362/bin/../lib/gcc/avr/5.4.0/../../../../avr/lib/avr5\libc.a(strcmp.o)
 .data          0x00800060        0x0 d:/programs/avr/toolchain362/bin/../lib/gcc/avr/5.4.0/../../../../avr/lib/avr5\libc.a(strcpy.o)
 .data          0x00800060        0x0 d:/programs/avr/toolchain362/bin/../lib/gcc/avr/5.4.0/../../../../avr/lib/avr5\libc.a(strncmp.o)
 .data          0x00800060        0x0 d:/programs/avr/toolchain362/bin/../lib/gcc/avr/5.4.0/../../../../avr/lib/avr5\libc.a(strstr.o)
 .data          0x00800060        0x0 d:/programs/avr/toolchain362/bin/../lib/gcc/avr/5.4.0/../../../../avr/lib/avr5\libc.a(strtok_r.o)
 .data          0x00800060        0x0 d:/programs/avr/toolchain362/bin/../lib/gcc/avr/5.4.0/../../../../avr/lib/avr5\libc.a(mul10.o)
 .data          0x00800060        0x0 d:/programs/avr/toolchain362/bin/../lib/gcc/avr/5.4.0/../../../../avr/lib/avr5\libc.a(sprintf_p.o)
 .data          0x00800060        0x0 d:/programs/avr/toolchain362/bin/../lib/gcc/avr/5.4.0/../../../../avr/lib/avr5\libc.a(vsprintf.o)
 .data          0x00800060        0x0 d:/programs/avr/toolchain362/bin/../lib/gcc/avr/5.4.0/../../../../avr/lib/avr5\libc.a(vfprintf_std.o)
 .data          0x00800060        0x0 d:/programs/avr/toolchain362/bin/../lib/gcc/avr/5.4.0/../../../../avr/lib/avr5\libc.a(dtoa_prf.o)
 .data          0x00800060        0x0 d:/programs/avr/toolchain362/bin/../lib/gcc/avr/5.4.0/../../../../avr/lib/avr5\libc.a(ftoa_engine.o)
 .data          0x00800060        0x0 d:/programs/avr/toolchain362/bin/../lib/gcc/avr/5.4.0/../../../../avr/lib/avr5\libc.a(strnlen_P.o)
 .data          0x00800060        0x0 d:/programs/avr/toolchain362/bin/../lib/gcc/avr/5.4.0/../../../../avr/lib/avr5\libc.a(strnlen.o)
 .data          0x00800060        0x0 d:/programs/avr/toolchain362/bin/../lib/gcc/avr/5.4.0/../../../../avr/lib/avr5\libc.a(fputc.o)
 .data          0x00800060        0x0 d:/programs/avr/toolchain362/bin/../lib/gcc/avr/5.4.0/../../../../avr/lib/avr5\libc.a(ultoa_invert.o)
 .data          0x00800060        0x0 d:/programs/avr/toolchain362/bin/../lib/gcc/avr/5.4.0/avr5\libgcc.a(_prologue.o)
 .data          0x00800060        0x0 d:/programs/avr/toolchain362/bin/../lib/gcc/avr/5.4.0/avr5\libgcc.a(_epilogue.o)
 *(.data*)
 .data.ip_identifier
                0x00800060        0x2 ./ip_arp_udp_tcp.o
 .data.seqnum   0x00800062        0x1 ./ip_arp_udp_tcp.o
 .data.tcpport  0x00800063        0x2 ./ip_arp_udp_tcp.o
 .data.temperature
                0x00800065        0x8 ./main.o
                0x00800065                temperature
 .data.password
                0x0080006d        0x3 ./main.o
 .data.hours_offset_to_utc
                0x00800070        0x1 ./main.o
                0x00800070                hours_offset_to_utc
 .data.ntpip    0x00800071        0x4 ./main.o
 .data.gwip     0x00800075        0x4 ./main.o
 .data.myip     0x00800079        0x4 ./main.o
 .data.mymac    0x0080007d        0x6 ./main.o
 *(.gnu.linkonce.d*)
 *(.rodata)
 .rodata        0x00800083        0x9 ./main.o
 *(.rodata*)
 .rodata.str1.1
                0x0080008c       0xd0 ./main.o
                                 0xf7 (size before relaxing)
 .rodata.str1.1
                0x0080015c       0x21 ./uart.o
 *(.gnu.linkonce.r*)
                0x0080017e                . = ALIGN (0x2)
 *fill*         0x0080017d        0x1 
                0x0080017e                _edata = .
                0x0080017e                PROVIDE (__data_end, .)

.bss            0x0080017e      0x5e4
                0x0080017e                PROVIDE (__bss_start, .)
 *(.bss)
 .bss           0x0080017e        0x0 d:/programs/avr/toolchain362/bin/../lib/gcc/avr/5.4.0/../../../../avr/lib/avr5/crtatmega32.o
 .bss           0x0080017e        0x0 ./dnslkup.o
 .bss           0x0080017e        0x0 ./enc28j60.o
 .bss           0x0080017e        0x0 ./ip_arp_udp_tcp.o
 .bss           0x0080017e        0x0 ./lcd.o
 .bss           0x0080017e        0x0 ./main.o
 .bss           0x0080017e        0x0 ./onewire.o
 .bss           0x0080017e        0x0 ./pwm.o
 .bss           0x0080017e        0x0 ./timeconv.o
 .bss           0x0080017e        0x0 ./timer.o
 .bss           0x0080017e        0x0 ./uart.o
 .bss           0x0080017e        0x0 ./webpages.o
 .bss           0x0080017e        0x0 d:/programs/avr/toolchain362/bin/../lib/gcc/avr/5.4.0/avr5\libgcc.a(_udivmodhi4.o)
 .bss           0x0080017e        0x0 d:/programs/avr/toolchain362/bin/../lib/gcc/avr/5.4.0/avr5\libgcc.a(_udivmodsi4.o)
 .bss           0x0080017e        0x0 d:/programs/avr/toolchain362/bin/../lib/gcc/avr/5.4.0/avr5\libgcc.a(_exit.o)
 .bss           0x0080017e        0x0 d:/programs/avr/toolchain362/bin/../lib/gcc/avr/5.4.0/avr5\libgcc.a(_copy_data.o)
 .bss           0x0080017e        0x0 d:/programs/avr/toolchain362/bin/../lib/gcc/avr/5.4.0/avr5\libgcc.a(_clear_bss.o)
 .bss           0x0080017e        0x0 d:/programs/avr/toolchain362/bin/../lib/gcc/avr/5.4.0/avr5\libgcc.a(_bswapsi2.o)
 .bss           0x0080017e        0x0 d:/programs/avr/toolchain362/bin/../lib/gcc/avr/5.4.0/avr5\libgcc.a(_usmulhisi3.o)
 .bss           0x0080017e        0x0 d:/programs/avr/toolchain362/bin/../lib/gcc/avr/5.4.0/avr5\libgcc.a(_umulhisi3.o)
 .bss           0x0080017e        0x0 d:/programs/avr/toolchain362/bin/../lib/gcc/avr/5.4.0/../../../../avr/lib/avr5\libm.a(floatsisf.o)
 .bss           0x0080017e        0x0 d:/programs/avr/toolchain362/bin/../lib/gcc/avr/5.4.0/../../../../avr/lib/avr5\libm.a(mulsf3.o)
 .bss           0x0080017e        0x0 d:/programs/avr/toolchain362/bin/../lib/gcc/avr/5.4.0/../../../../avr/lib/avr5\libm.a(mulsf3x.o)
 .bss           0x0080017e        0x0 d:/programs/avr/toolchain362/bin/../lib/gcc/avr/5.4.0/../../../../avr/lib/avr5\libm.a(fp_inf.o)
 .bss           0x0080017e        0x0 d:/programs/avr/toolchain362/bin/../lib/gcc/avr/5.4.0/../../../../avr/lib/avr5\libm.a(fp_nan.o)
 .bss           0x0080017e        0x0 d:/programs/avr/toolchain362/bin/../lib/gcc/avr/5.4.0/../../../../avr/lib/avr5\libm.a(fp_pscA.o)
 .bss           0x0080017e        0x0 d:/programs/avr/toolchain362/bin/../lib/gcc/avr/5.4.0/../../../../avr/lib/avr5\libm.a(fp_pscB.o)
 .bss           0x0080017e        0x0 d:/programs/avr/toolchain362/bin/../lib/gcc/avr/5.4.0/../../../../avr/lib/avr5\libm.a(fp_round.o)
 .bss           0x0080017e        0x0 d:/programs/avr/toolchain362/bin/../lib/gcc/avr/5.4.0/../../../../avr/lib/avr5\libm.a(fp_split3.o)
 .bss           0x0080017e        0x0 d:/programs/avr/toolchain362/bin/../lib/gcc/avr/5.4.0/../../../../avr/lib/avr5\libm.a(fp_zero.o)
 .bss           0x0080017e        0x0 d:/programs/avr/toolchain362/bin/../lib/gcc/avr/5.4.0/../../../../avr/lib/avr5\libc.a(dtostrf.o)
 .bss           0x0080017e        0x0 d:/programs/avr/toolchain362/bin/../lib/gcc/avr/5.4.0/../../../../avr/lib/avr5\libc.a(atoi.o)
 .bss           0x0080017e        0x2 d:/programs/avr/toolchain362/bin/../lib/gcc/avr/5.4.0/../../../../avr/lib/avr5\libc.a(strtok.o)
 .bss           0x00800180        0x0 d:/programs/avr/toolchain362/bin/../lib/gcc/avr/5.4.0/../../../../avr/lib/avr5\libc.a(strcmp.o)
 .bss           0x00800180        0x0 d:/programs/avr/toolchain362/bin/../lib/gcc/avr/5.4.0/../../../../avr/lib/avr5\libc.a(strcpy.o)
 .bss           0x00800180        0x0 d:/programs/avr/toolchain362/bin/../lib/gcc/avr/5.4.0/../../../../avr/lib/avr5\libc.a(strncmp.o)
 .bss           0x00800180        0x0 d:/programs/avr/toolchain362/bin/../lib/gcc/avr/5.4.0/../../../../avr/lib/avr5\libc.a(strstr.o)
 .bss           0x00800180        0x0 d:/programs/avr/toolchain362/bin/../lib/gcc/avr/5.4.0/../../../../avr/lib/avr5\libc.a(strtok_r.o)
 .bss           0x00800180        0x0 d:/programs/avr/toolchain362/bin/../lib/gcc/avr/5.4.0/../../../../avr/lib/avr5\libc.a(mul10.o)
 .bss           0x00800180        0x0 d:/programs/avr/toolchain362/bin/../lib/gcc/avr/5.4.0/../../../../avr/lib/avr5\libc.a(sprintf_p.o)
 .bss           0x00800180        0x0 d:/programs/avr/toolchain362/bin/../lib/gcc/avr/5.4.0/../../../../avr/lib/avr5\libc.a(vsprintf.o)
 .bss           0x00800180        0x0 d:/programs/avr/toolchain362/bin/../lib/gcc/avr/5.4.0/../../../../avr/lib/avr5\libc.a(vfprintf_std.o)
 .bss           0x00800180        0x0 d:/programs/avr/toolchain362/bin/../lib/gcc/avr/5.4.0/../../../../avr/lib/avr5\libc.a(dtoa_prf.o)
 .bss           0x00800180        0x0 d:/programs/avr/toolchain362/bin/../lib/gcc/avr/5.4.0/../../../../avr/lib/avr5\libc.a(ftoa_engine.o)
 .bss           0x00800180        0x0 d:/programs/avr/toolchain362/bin/../lib/gcc/avr/5.4.0/../../../../avr/lib/avr5\libc.a(strnlen_P.o)
 .bss           0x00800180        0x0 d:/programs/avr/toolchain362/bin/../lib/gcc/avr/5.4.0/../../../../avr/lib/avr5\libc.a(strnlen.o)
 .bss           0x00800180        0x0 d:/programs/avr/toolchain362/bin/../lib/gcc/avr/5.4.0/../../../../avr/lib/avr5\libc.a(fputc.o)
 .bss           0x00800180        0x0 d:/programs/avr/toolchain362/bin/../lib/gcc/avr/5.4.0/../../../../avr/lib/avr5\libc.a(ultoa_invert.o)
 .bss           0x00800180        0x0 d:/programs/avr/toolchain362/bin/../lib/gcc/avr/5.4.0/avr5\libgcc.a(_prologue.o)
 .bss           0x00800180        0x0 d:/programs/avr/toolchain362/bin/../lib/gcc/avr/5.4.0/avr5\libgcc.a(_epilogue.o)
 *(.bss*)
 .bss.gNextPacketPtr
                0x00800180        0x2 ./enc28j60.o
 .bss.Enc28j60Bank
                0x00800182        0x1 ./enc28j60.o
 .bss.info_data_len
                0x00800183        0x2 ./ip_arp_udp_tcp.o
 .bss.info_hdr_len
                0x00800185        0x2 ./ip_arp_udp_tcp.o
 .bss.ipaddr    0x00800187        0x4 ./ip_arp_udp_tcp.o
 .bss.macaddr   0x0080018b        0x6 ./ip_arp_udp_tcp.o
 .bss.NTPState  0x00800191        0x1 ./main.o
                0x00800191                NTPState
 .bss.time      0x00800192        0x4 ./main.o
 .bss.buf       0x00800196      0x5b5 ./main.o
 .bss.authorized_client_ip
                0x0080074b        0x4 ./main.o
 .bss.haveGWmac
                0x0080074f        0x1 ./main.o
                0x0080074f                haveGWmac
 .bss.rx_pointer
                0x00800750        0x1 ./uart.o
                0x00800750                rx_pointer
 *(COMMON)
 COMMON         0x00800751        0x6 ./ip_arp_udp_tcp.o
                0x00800751                gwmacaddr
 COMMON         0x00800757        0x2 ./main.o
                0x00800757                p_command
 COMMON         0x00800759        0x3 ./timer.o
                0x00800759                hour
                0x0080075a                min
                0x0080075b                sec
 COMMON         0x0080075c        0x6 ./uart.o
                0x0080075c                uartbuf
                0x00800762                PROVIDE (__bss_end, .)
                0x00004932                __data_load_start = LOADADDR (.data)
                0x00004a50                __data_load_end = (__data_load_start + SIZEOF (.data))

.noinit         0x00800762        0x0
                [!provide]                PROVIDE (__noinit_start, .)
 *(.noinit*)
                [!provide]                PROVIDE (__noinit_end, .)
                0x00800762                _end = .
                [!provide]                PROVIDE (__heap_start, .)

.eeprom         0x00810000        0x0
 *(.eeprom*)
                0x00810000                __eeprom_end = .

.fuse
 *(.fuse)
 *(.lfuse)
 *(.hfuse)
 *(.efuse)

.lock
 *(.lock*)

.signature
 *(.signature*)

.user_signatures
 *(.user_signatures*)

.stab           0x00000000     0x6b88
 *(.stab)
 .stab          0x00000000      0x5a0 ./dnslkup.o
 .stab          0x000005a0      0xd80 ./enc28j60.o
                               0x1038 (size before relaxing)
 .stab          0x00001320     0x1a1c ./ip_arp_udp_tcp.o
                               0x1d34 (size before relaxing)
 .stab          0x00002d3c      0x918 ./lcd.o
                                0xae0 (size before relaxing)
 .stab          0x00003654     0x1230 ./main.o
                               0x1524 (size before relaxing)
 .stab          0x00004884      0x618 ./onewire.o
                                0x7e0 (size before relaxing)
 .stab          0x00004e9c      0x3c0 ./pwm.o
                                0x6e4 (size before relaxing)
 .stab          0x0000525c      0x834 ./timeconv.o
                                0xb4c (size before relaxing)
 .stab          0x00005a90      0x480 ./timer.o
                                0x7a4 (size before relaxing)
 .stab          0x00005f10      0x60c ./uart.o
                                0x924 (size before relaxing)
 .stab          0x0000651c      0x66c ./webpages.o
                                0x8d0 (size before relaxing)

.stabstr        0x00000000     0x2382
 *(.stabstr)
 .stabstr       0x00000000     0x2382 ./dnslkup.o

.stab.excl
 *(.stab.excl)

.stab.exclstr
 *(.stab.exclstr)

.stab.index
 *(.stab.index)

.stab.indexstr
 *(.stab.indexstr)

.comment        0x00000000       0x5c
 *(.comment)
 .comment       0x00000000       0x30 ./dnslkup.o
                                 0x31 (size before relaxing)
 .comment       0x00000030       0x31 ./enc28j60.o
 .comment       0x00000030       0x31 ./ip_arp_udp_tcp.o
 .comment       0x00000030       0x31 ./lcd.o
 .comment       0x00000030       0x31 ./main.o
 .comment       0x00000030       0x31 ./onewire.o
 .comment       0x00000030       0x31 ./pwm.o
 .comment       0x00000030       0x31 ./timeconv.o
 .comment       0x00000030       0x31 ./timer.o
 .comment       0x00000030       0x31 ./uart.o
 .comment       0x00000030       0x31 ./webpages.o
 .comment       0x00000030       0x31 d:/programs/avr/toolchain362/bin/../lib/gcc/avr/5.4.0/../../../../avr/lib/avr5\libc.a(dtostrf.o)
 .comment       0x00000030       0x31 d:/programs/avr/toolchain362/bin/../lib/gcc/avr/5.4.0/../../../../avr/lib/avr5\libc.a(strtok.o)
 .comment       0x00000030       0x31 d:/programs/avr/toolchain362/bin/../lib/gcc/avr/5.4.0/../../../../avr/lib/avr5\libc.a(sprintf_p.o)
 .comment       0x00000030       0x31 d:/programs/avr/toolchain362/bin/../lib/gcc/avr/5.4.0/../../../../avr/lib/avr5\libc.a(vsprintf.o)
 .comment       0x00000030       0x2c d:/programs/avr/toolchain362/bin/../lib/gcc/avr/5.4.0/../../../../avr/lib/avr5\libc.a(vfprintf_std.o)
                                 0x2d (size before relaxing)
 .comment       0x0000005c       0x31 d:/programs/avr/toolchain362/bin/../lib/gcc/avr/5.4.0/../../../../avr/lib/avr5\libc.a(dtoa_prf.o)
 .comment       0x0000005c       0x31 d:/programs/avr/toolchain362/bin/../lib/gcc/avr/5.4.0/../../../../avr/lib/avr5\libc.a(fputc.o)

.note.gnu.avr.deviceinfo
                0x00000000       0x3c
 .note.gnu.avr.deviceinfo
                0x00000000       0x3c d:/programs/avr/toolchain362/bin/../lib/gcc/avr/5.4.0/../../../../avr/lib/avr5/crtatmega32.o

.note.gnu.build-id
 *(.note.gnu.build-id)

.debug
 *(.debug)

.line
 *(.line)

.debug_srcinfo
 *(.debug_srcinfo)

.debug_sfnames
 *(.debug_sfnames)

.debug_aranges
 *(.debug_aranges)

.debug_pubnames
 *(.debug_pubnames)

.debug_info     0x00000000      0x4e6
 *(.debug_info .gnu.linkonce.wi.*)
 .debug_info    0x00000000      0x4e6 d:/programs/avr/toolchain362/bin/../lib/gcc/avr/5.4.0/../../../../avr/lib/avr5/crtatmega32.o

.debug_abbrev   0x00000000      0x4a3
 *(.debug_abbrev)
 .debug_abbrev  0x00000000      0x4a3 d:/programs/avr/toolchain362/bin/../lib/gcc/avr/5.4.0/../../../../avr/lib/avr5/crtatmega32.o

.debug_line     0x00000000       0x1a
 *(.debug_line .debug_line.* .debug_line_end)
 .debug_line    0x00000000       0x1a d:/programs/avr/toolchain362/bin/../lib/gcc/avr/5.4.0/../../../../avr/lib/avr5/crtatmega32.o

.debug_frame
 *(.debug_frame)

.debug_str      0x00000000      0x196
 *(.debug_str)
 .debug_str     0x00000000      0x196 d:/programs/avr/toolchain362/bin/../lib/gcc/avr/5.4.0/../../../../avr/lib/avr5/crtatmega32.o

.debug_loc
 *(.debug_loc)

.debug_macinfo
 *(.debug_macinfo)

.debug_weaknames
 *(.debug_weaknames)

.debug_funcnames
 *(.debug_funcnames)

.debug_typenames
 *(.debug_typenames)

.debug_varnames
 *(.debug_varnames)

.debug_pubtypes
 *(.debug_pubtypes)

.debug_ranges
 *(.debug_ranges)

.debug_macro
 *(.debug_macro)
OUTPUT(AHA32.elf elf32-avr)
LOAD linker stubs
